// Jest Snapshot v1, https://goo.gl/fbAQLP

exports[`App works renders a snapshot 1`] = `
<div>
  <header>
    <h1>
      Cute Bunnies: The App
    </h1>
    <nav>
      <ul>
        <li>
          <a
            href="/"
            onClick={[Function]}
          >
            Home
          </a>
        </li>
        <li>
          <a
            href="/about"
            onClick={[Function]}
          >
            About
          </a>
        </li>
        <li>
          <a
            href="/images?view=list"
            onClick={[Function]}
          >
            Images
          </a>
        </li>
      </ul>
    </nav>
  </header>
  <main>
    <div>
      <h1>
        Bunny App Home Placeholder
      </h1>
    </div>
  </main>
</div>
`;
